C:\Users\user\OneDrive\Desktop\OfficeSystem\src\main\java\generated\Security\UnlockRequest.java
C:\Users\user\OneDrive\Desktop\OfficeSystem\src\main\java\generated\Registry\UploadRequest.java
C:\Users\user\OneDrive\Desktop\OfficeSystem\src\main\java\org\example\Main.java
C:\Users\user\OneDrive\Desktop\OfficeSystem\src\main\java\generated\Registry\RegistryServiceGrpc.java
C:\Users\user\OneDrive\Desktop\OfficeSystem\src\main\java\generated\Registry\RegistryServiceImpl.java
C:\Users\user\OneDrive\Desktop\OfficeSystem\src\main\java\generated\Security\ClockInRequestOrBuilder.java
C:\Users\user\OneDrive\Desktop\OfficeSystem\src\main\java\generated\Security\ClockInResponseOrBuilder.java
C:\Users\user\OneDrive\Desktop\OfficeSystem\src\main\java\ds\RegistryServer.java
C:\Users\user\OneDrive\Desktop\OfficeSystem\src\main\java\generated\Security\UnlockRequestResponse.java
C:\Users\user\OneDrive\Desktop\OfficeSystem\src\main\java\generated\Security\LockRequestResponse.java
C:\Users\user\OneDrive\Desktop\OfficeSystem\src\main\java\generated\Temperature\SwitchRequestOrBuilder.java
C:\Users\user\OneDrive\Desktop\OfficeSystem\src\main\java\generated\Temperature\SwitchRequestResponseOrBuilder.java
C:\Users\user\OneDrive\Desktop\OfficeSystem\src\main\java\generated\Security\ClockInResponse.java
C:\Users\user\OneDrive\Desktop\OfficeSystem\src\main\java\generated\Registry\UploadResponseOrBuilder.java
C:\Users\user\OneDrive\Desktop\OfficeSystem\src\main\java\generated\Security\SecurityServiceGrpc.java
C:\Users\user\OneDrive\Desktop\OfficeSystem\src\main\java\generated\Temperature\SetRequestResponse.java
C:\Users\user\OneDrive\Desktop\OfficeSystem\src\main\java\generated\Registry\UploadRequestOrBuilder.java
C:\Users\user\OneDrive\Desktop\OfficeSystem\src\main\java\generated\Security\SecurityServiceImpl.java
C:\Users\user\OneDrive\Desktop\OfficeSystem\src\main\java\generated\Security\UnlockRequestOrBuilder.java
C:\Users\user\OneDrive\Desktop\OfficeSystem\src\main\java\generated\Temperature\SetRequestResponseOrBuilder.java
C:\Users\user\OneDrive\Desktop\OfficeSystem\src\main\java\generated\Registry\InkLevelRequestOrBuilder.java
C:\Users\user\OneDrive\Desktop\OfficeSystem\src\main\java\generated\Temperature\SetRequest.java
C:\Users\user\OneDrive\Desktop\OfficeSystem\src\main\java\ds\SecurityServer.java
C:\Users\user\OneDrive\Desktop\OfficeSystem\src\main\java\generated\Registry\InkLevelRequest.java
C:\Users\user\OneDrive\Desktop\OfficeSystem\src\main\java\ds\Client.java
C:\Users\user\OneDrive\Desktop\OfficeSystem\src\main\java\generated\Temperature\SetRequestOrBuilder.java
C:\Users\user\OneDrive\Desktop\OfficeSystem\src\main\java\generated\Temperature\SwitchRequestResponse.java
C:\Users\user\OneDrive\Desktop\OfficeSystem\src\main\java\generated\Registry\InkLevelResponse.java
C:\Users\user\OneDrive\Desktop\OfficeSystem\src\main\java\generated\Registry\InkLevelResponseOrBuilder.java
C:\Users\user\OneDrive\Desktop\OfficeSystem\src\main\java\generated\Temperature\TemperatureServiceImpl.java
C:\Users\user\OneDrive\Desktop\OfficeSystem\src\main\java\generated\Security\LockRequestResponseOrBuilder.java
C:\Users\user\OneDrive\Desktop\OfficeSystem\src\main\java\generated\Temperature\TemperatureServiceGrpc.java
C:\Users\user\OneDrive\Desktop\OfficeSystem\src\main\java\generated\Security\UnlockRequestResponseOrBuilder.java
C:\Users\user\OneDrive\Desktop\OfficeSystem\src\main\java\generated\Temperature\SwitchRequest.java
C:\Users\user\OneDrive\Desktop\OfficeSystem\src\main\java\generated\Security\ClockInRequest.java
C:\Users\user\OneDrive\Desktop\OfficeSystem\src\main\java\generated\Security\LockRequestOrBuilder.java
C:\Users\user\OneDrive\Desktop\OfficeSystem\src\main\java\ds\TemperatureServer.java
C:\Users\user\OneDrive\Desktop\OfficeSystem\src\main\java\generated\Registry\UploadResponse.java
C:\Users\user\OneDrive\Desktop\OfficeSystem\src\main\java\generated\Security\LockRequest.java
